// Jest Snapshot v1, https://goo.gl/fbAQLP

exports[`LoginPage component renders the UI as expected 1`] = `
<section
  className="Section LoginPage"
>
  <h2
    className="LoginPage__header"
  >
    Login 
  </h2>
  <p>
    To get started you can create your own account by Register or test it out by Signing In using the Demo Credentials below.
  </p>
  <p>
    Demo Credentials:
  </p>
  <p>
    User name: demo
  </p>
  <p>
    Password: password
  </p>
  <form
    className="LoginForm"
    onSubmit={[Function]}
  >
    <div
      role="alert"
    />
    <div
      className="user_name"
    >
      <label
        htmlFor="LoginForm__user_name"
      >
        User name
      </label>
      <input
        className="Input "
        id="LoginForm__user_name"
        name="user_name"
        required={true}
      />
    </div>
    <div
      className="password"
    >
      <label
        htmlFor="LoginForm__password"
      >
        Password
      </label>
      <input
        className="Input "
        id="LoginForm__password"
        name="password"
        required={true}
        type="password"
      />
    </div>
    <button
      className="Button "
      style={
        Object {
          "marginBottom": 70,
        }
      }
      type="submit"
    >
      Login
    </button>
  </form>
</section>
`;
